// Jest Snapshot v1, https://goo.gl/fbAQLP

exports[`Render Expense List Item 1`] = `
<div>
  <Link
    to="/edit/2"
  >
    <h3>
      Rent
    </h3>
  </Link>
  <p>
     Amount : 
    19500
     - CreatedAt : 
    -345600000
     
  </p>
</div>
`;
